// Jest Snapshot v1, https://goo.gl/fbAQLP

exports[`<ForgetPasswordForm /> @render renders 1`] = `
<section
  className="ForgetPassword "
  onClick={[Function]}
  role="presentation"
>
  <Accordion
    accordionName="forgetPassword"
    arrowPosition="left"
    arrowStyle="primary"
    className="ForgetPassword-accordion"
    expanded={false}
    header="Forgotten your password?"
    isDisabled={false}
    noContentBorderTop={false}
    noContentPadding={true}
    noExpandedHeaderBackground={false}
    noMaxHeight={false}
    onAccordionToggle={[Function]}
    showLoader={false}
    statusIndicatorText=""
    subHeader=""
    withoutBorders={false}
  >
    <Connect(ForgetPasswordForm)
      className="ForgetPassword-form"
      enableScrollToMessage={false}
    />
  </Accordion>
</section>
`;
