// Jest Snapshot v1, https://goo.gl/fbAQLP

exports[`<ExpiredPassword /> @render renders 1`] = `
<section
  className="ExpiredPassword"
>
  <h2>
    Reset link expired or not valid
  </h2>
  <p>
    link no longer valid
  </p>
  <p>
    link expires in one hour
  </p>
  <Connect(ForgetPasswordForm) />
</section>
`;
